support@chaddsfordjewelry.com|35804167|chaddsfordjewelry|2026-06-04
info@filigranist.com|972438e4|FiligranUSA|2026-06-04
andreahillpottery@gmail.com|915308a7|AndreaHillPottery|2026-06-04
studio@evolationyogaatlanta.com|703af6ea|Evolationyogaatlanta|2026-06-04
info@behotyogaatlanta.com|dee60ef4|Behotyogaatlanta|2026-06-04
info@elementyogaatl.com|a2834e72|Elementyogaatl|2026-06-04
info@isoyogastudio.com|828325ff|Isoyogastudio|2026-06-04
info@satiyogawellness.com|dd4ea070|Satiyogawellness|2026-06-04
info@miick.com|df996d04|Miick|2026-06-04
tomkelly@potentialinmotion.com|d9137ffd|Businesscoachchicago|2026-06-04
jason@distinctivecoaching.com|c4bcf422|Distinctivecoaching|2026-06-04
monique@coachmonique.com|30bc2916|Coachmonique|2026-06-04
dunlapandassociates@gmail.com|90654041|Dunlapandassociatescounseling|2026-06-04
info@samaritancounseling.net|214db1de|Samaritancounseling|2026-06-04
nikaston@enchantedstrength.com|83dccefb|Enchantedstrength|2026-06-04
davidgustafthompson@gmail.com|ff4fe77f|Integral Therapy|2026-06-04
info@therapy-mn.com|8794122b|Therapy Mn|2026-06-04
wendy@wendylynne.com|3e86ff67|Endylynne|2026-06-04
nicole@nicolevirtue.com|0372b226|Nicolevirtue|2026-06-04
innerwisdomseattle@gmail.com|c8f4d24c|Innerwisdomseattle|2026-06-04
sdptstudio@gmail.com|00d30b64|Sandiegopersonaltraining|2026-06-04
info@werkfitness.com|668983a2|Erkfitness|2026-06-04
jessica@jessicaknightcoaching.com|85f82ff4|Jessicaknightcoaching|2026-06-04
kim@kimchilds.com|4b16abd2|Kimchilds|2026-06-04
info@tightenup.com.au|dd8010bb|Tightenup|2026-06-04
info@nufitness.com.au|75e080bf|Nufitness|2026-06-04
admin@themovestudio.com.au|526a219a|Themovestudio|2026-06-04
info@maxnrgpt.com.au|1562e566|Maxnrgpt|2026-06-04
info@thehuntsc.com.au|5b64f9ce|Thehuntsc|2026-06-04
mayra0518@gmail.com|ea7c7ee7|Glowesthetics|2026-06-04
contact@dermatologynm.com|ec5627e1|Dermatologynm|2026-06-04
info@abqmedicalspa.com|a814c09e|Medspaalbuquerque|2026-06-04
info@skinscienceabq.com|9802e87e|Skinscienceabq|2026-06-04
onyxaestheticsabq@gmail.com|e6225eaf|Gcappado|2026-06-04
intake@rmcslc.com|108ba7ee|Rmcslc|2026-06-04
admin@therapycollectiveutah.com|67d6c14b|Therapycollectiveutah|2026-06-04
admin@manchester-businesscoaching.co.uk|3ba1bce9|Businesscoachingmanchester|2026-06-04
enquiries@thealternativeboard.co.uk|0b245b96|Thealternativeboard|2026-06-04
enquiries@professionalsuk.co.uk|b212c7f3|Manchesterprofessionals|2026-06-04
1visionary@gmail.com|4c1a803b|Orkplaceculturesolutions|2026-06-04
paul@ukbusinessmentoring.co.uk|4b255fe0|Ukbusinessmentoring|2026-06-04
info@amyvermillion.com|ad7f9261|Amyvermillion|2026-06-04
hello@kathrynlillyinteriors.com|a6f9b301|Kathrynlillyinteriors|2026-06-04
concierge@saralynnbrennan.com|88507072|Saralynnbrennan|2026-06-06
laurennicoleinc@gmail.com|c56eac08|Laurennicoleinc|2026-06-06
customercare@delucamassage.com|cae7a9c8|Delucamassage|2026-06-06
tmivong@hotmail.com|81bab078|Ivomassage|2026-06-06
therapy@eyestreet-massage.com|c467fbfc|Eyestreet Massage|2026-06-06
ascendmassagedc@gmail.com|84e2b38d|Ascendmassagedc|2026-06-06
admin@brisbanecounsellingcentre.com.au|e6dc77e9|Brisbanecounsellingcentre|2026-06-06
admin@cfhp.com.au|4b57494d|Cfhp|2026-06-06
info@littlewindow.com.au|47b0d1ec|Littlewindow|2026-06-06
enquiries@psychologyconsultants.com.au|fae4d989|Psychologyconsultants|2026-06-06
reception@visionpsychology.com|080d6c66|Visionpsychology|2026-06-06
hello@withgracetherapy.com.au|bd556477|Ithgracetherapy|2026-06-06
info@pynkhealth.com.au|5785e093|Pynkhealth|2026-06-06
:shannon@islandnutrition.studio|a1ca1e34|Eatrightwashington|2026-06-06
hello@sunrise-nutrition.com|073e49a5|Sunrise Nutrition|2026-06-06
admin@starkelnutrition.com|404e0198|Starkelnutrition|2026-06-08
%20ginger@gingerhultinnutrition.com|2e142b72|Gingerhultinnutrition|2026-06-08
info@starling-studio.com|f7bd02cd|Starling Studio|2026-06-08
info@robbmccormick.com|8c9c04a1|Robbmccormick|2026-06-08
hello@brookmade.com|8701c224|Brookmadephotography|2026-06-08
brookshire@btts.biz|5b5c51dd|Brookshire|2026-06-08
info@twotwentytwophotography.com|9f705d83|Twotwentytwophotography|2026-06-08
ali@massagetherapyofboston.com|971b5b70|Massagetherapyofboston|2026-06-08
info@wellnessinmotionboston.com|5086e77d|Ellnessinmotionboston|2026-06-08
info@bewellboston.com|a2434ce7|Bewellboston|2026-06-08
contact@theclinicbondi.com.au|5f9587e3|Theclinicbondi|2026-06-08
aestheticsbyeimear@gmail.com|cb3a59ee|Aestheticsbyeimear|2026-06-08
thebeautyhousebondi@hotmail.com|cb6ca036|Thebeautyhousebondi|2026-06-08
enquiries@theskinbar.com.au|62e6383f|Theskinbar|2026-06-08
info@solsticeskin.com.au|f03815d9|Solsticeskin|2026-06-08
%20%20info@sagebeauty.com.au|d9eaac53|Sagebeauty|2026-06-09
hello@dermhaus.com.au|15b8ffee|Dermhaus|2026-06-09
reception@ascension.com.au|ce55b04d|Ascension|2026-06-09
reception@theskinlab.com.au|bbf3c0f6|Theskinlab|2026-06-09
admin@cutis.com.au|7a132782|Cutis|2026-06-09
coaching@juliebristow.au|08bd3a87|Juliebristow|2026-06-09
clientconnect@thethreeseas.com.au|56a1619d|Thethreeseas|2026-06-09
jon@jonosborne.com.au|b5536eef|Jonosborne|2026-06-09
info@annabaylis.com.au|14658641|Annabaylis|2026-06-09
info@amandarobinspsychotherapy.com|67d03a51|Amandarobinspsychotherapy|2026-06-09
info@actioncoachnw.com|40fb13c5|Actioncoach|2026-06-09
contact@leadershipcoachgroup.com|d934ceb6|Leadershipcoachgroup|2026-06-09
tyler@mtnorthcc.com|425835e8|Mtnorthcc|2026-06-09
info@wpbsolutions.com|d0f6de16|Pbsolutions|2026-06-09
brenda@texnutrition.com|c4a57618|Texnutrition|2026-06-09
info@sparkmannutrition.com|27cb1101|Sparkmannutrition|2026-06-10
anne@wilfongnutrition.com|25c47b71|Ilfongnutrition|2026-06-10
april@aprilmaecreative.com|d3a46768|Aprilmaecreative|2026-06-10
hello@alyssanikolephotography.com|6ffcf495|Alyssanikolephotography|2026-06-10
emily@emilyboone.com|3ab78e91|Emilyboone|2026-06-10
kayla@kaylasnell.com|ad7be699|Kaylasnell|2026-06-10
adisa@spaderma.com|a233da47|Spaderma|2026-06-10
carolinewinnphotography@gmail.com|017d308f|Carolinewinnphotography|2026-06-10
hello@caratsandcake.com|7e14dffc|Caratsandcake|2026-06-10
melissarobottiphoto@gmail.com|100472f6|Melissarobottiphotography|2026-06-10
ericsflowermarket@gmail.com|b0d23f3d|Ericsflowermarket|2026-06-10
info@bloommaven.com|920d8295|Bloommaven|2026-06-10
mary@erapilates.com|6d33b999|Erapilatesindy|2026-06-10
hello@mvmthouseindy.com|3c7ebbda|Mvmthouseindy|2026-06-10
form:a82b1628|a82b1628|EmkaJewelry|2026-06-11
form:faaff147|faaff147|bottledupdesigns|2026-06-11
form:ad938278|ad938278|Powerflexgym|2026-06-11
form:b43e41c0|b43e41c0|Vanessamarielifecoach|2026-06-11
form:2b3b7d33|2b3b7d33|Janinedowlingcoaching|2026-06-11
form:37cbba08|37cbba08|Naturalfitnessabq|2026-06-11
form:86f2b819|86f2b819|Southpacifichc|2026-06-11
form:bbac66aa|bbac66aa|ThePureScent|2026-06-11
form:d40be09a|d40be09a|CoastalClayCo|2026-06-11
form:0a90b773|0a90b773|Saltycounseling|2026-06-11
form:5917e5ca|5917e5ca|Elitetrainingsandiego|2026-06-11
form:99ec7f1d|99ec7f1d|Orkwithlitsa|2026-06-11
form:b90a5d2b|b90a5d2b|Emeraldoakdesign|2026-06-11
form:c27ffcc8|c27ffcc8|Artisticinteriordesign|2026-06-12
form:581e8cf9|581e8cf9|Brisbanecitypsychologist|2026-06-12
form:f75b6923|f75b6923|Artisanclinics|2026-06-12
form:f947b9e3|f947b9e3|Nwcfo|2026-06-12
form:90d7d2aa|90d7d2aa|Stdavids|2026-06-12
form:b2c1738f|b2c1738f|Austincounselingnutrition|2026-06-12
form:f35d719f|f35d719f|Yosiscreations|2026-06-12
form:b9f7fb09|b9f7fb09|Reformingindy|2026-06-12
form:11d8ffaa|11d8ffaa|Rappahannock|2026-06-12
form:056112dc|056112dc|Annepulliaminteriors|2026-06-12
form:d6bddc6d|d6bddc6d|Brighamandwomens|2026-06-12
form:c2b8cd51|c2b8cd51|Premierpartyplanners|2026-06-12
form:e188e62f|e188e62f|Nrpt|2026-06-12
form:1ee3cecc|1ee3cecc|Coreandmorefitness|2026-06-12
form:e60177e5|e60177e5|Drbettina|2026-06-12
form:ebb04c7b|ebb04c7b|Hedberglpc|2026-06-12
form:0ef8ca24|0ef8ca24|Scottsdalerecovery|2026-06-12
form:779a4197|779a4197|Kcreative|2026-06-12
form:e879881c|e879881c|Locations|2026-06-12
form:ac422d88|ac422d88|Fitzroynorthmedical|2026-06-12
form:9670f33b|9670f33b|Albuquerque Massagetherapy|2026-06-12
form:f651037b|f651037b|Bettysbath|2026-06-12
form:dd0fd954|dd0fd954|Madeinpgh|2026-06-12
form:1f580f11|1f580f11|Freshskincanvas|2026-06-12
form:f7f3b277|f7f3b277|Nicolecweiss|2026-06-12
form:af718642|af718642|Lifecoachhub|2026-06-12
form:a759c590|a759c590|Au|2026-06-12
form:2b74d6aa|2b74d6aa|Ickedbucks|2026-06-12
form:88e3726c|88e3726c|Thefarmsoho|2026-06-12
form:b4430c32|b4430c32|Treeoflifenutrition|2026-06-12
form:c11b941f|c11b941f|Idealnutrition|2026-06-12
form:7d863aa2|7d863aa2|Brisbanenutrition|2026-06-12
form:e971bb52|e971bb52|Mq|2026-06-12
form:5946b74f|5946b74f|Theportlandesthetician|2026-06-12
form:5787b6f7|5787b6f7|Lesleyswor|2026-06-12
form:5ceb3de7|5ceb3de7|Lifetutors|2026-06-12
form:c38da5fd|c38da5fd|Rhphotography|2026-06-12
form:468a1155|468a1155|Ymcashr|2026-06-12
form:5f2a52cc|5f2a52cc|Blueskythaimassage|2026-06-12
form:364e32a0|364e32a0|Ellsstbodyworks|2026-06-12
form:46a9f46c|46a9f46c|Antoinegordontherapy|2026-06-12
form:72334f32|72334f32|Sophieworthingtonpsychotherapy|2026-06-12
form:2bd3975b|2bd3975b|Shealmighty|2026-06-12
form:c8cf4c65|c8cf4c65|Sinyderm|2026-06-12
form:f52a7e5d|f52a7e5d|Seattlemassagetherapy|2026-06-12
form:63167894|63167894|Dreamclinic|2026-06-12
amelie@provence.com|27572d87|Katemcelweephotography|2026-06-12
info@invokestudio.com|16be0bde|Invokestudio|2026-06-12
info@wickerparkinn.com|3de0025b|Ickerparkinn|2026-06-12
info@lolaeventproductions.com|b1faf21b|Lolaeventproductions|2026-06-12
info@fatpourwickerpark.com|6a1a8f4b|Fatpourtapworks|2026-06-12
hannah@blockclubchi.org|2d841c61|Blockclubchicago|2026-06-12
cathy@catherinejordandesign.com|34e99e14|Catherinejordandesign|2026-06-12
sara@sarahillery.com|a4790023|Sarahillery|2026-06-12
info@kennethbyrddesign.com|8115f11c|Kennethbyrddesign|2026-06-12
help@decorilla.com|fcd6c5c2|Decorilla|2026-06-12
info@danamckennadesigns.com|0c8e90b3|Danamckennadesigns|2026-06-12
erin@greaterbostonnutrition.com|7fc1b4af|Greaterbostonnutrition|2026-06-12
ahrqmoonstudy@gmail.com|9595e264|Bmc|2026-06-12
info@ilivewellnutrition.com|bb21deba|Nourish|2026-06-12
form:01b6b8cf|01b6b8cf|Nationalpti|2026-06-13
form:7efad5ef|7efad5ef|Appleblossomswest|2026-06-13
form:56e4cceb|56e4cceb|Mossonutritionandfitness|2026-06-13
form:f10bd7fa|f10bd7fa|Petracoach|2026-06-13
form:e36077ae|e36077ae|Stephanieweichert|2026-06-13
elissa@relationship-works.net|95e9aa62|Relationship Works|2026-06-14
soulcoachjessica@gmail.com|720f3ccf|Jessicasheaffer|2026-06-14
gemma@gemmawrightdesign.co.uk|ab2bc53d|Gemmawrightdesign|2026-06-14
emilie@peopleandspaces.co.uk|0e3e16fd|Peopleandspaces|2026-06-14
sean@seansymingtondesign.com|dbada28b|Seansymington|2026-06-14
form:157a1217|157a1217|Physiquesgym|2026-06-14
form:ae6da7d1|ae6da7d1|Abqnevertoolatecounseling|2026-06-14
form:9fc60f42|9fc60f42|Realignandthrive|2026-06-14
form:c1664352|c1664352|Ultralifecoach|2026-06-14
form:2541ffe9|2541ffe9|Theawarenesscentre|2026-06-14
form:b4e8d1d4|b4e8d1d4|Freyalatimer|2026-06-14
form:4fc8ab7e|4fc8ab7e|Healthcenter1|2026-06-14
form:11763c9f|11763c9f|Ariaintegrativehealth|2026-06-14
form:eca64c28|eca64c28|Cooperfxnlhealth|2026-06-14
form:a9c33a10|a9c33a10|Meadowbrookcounseling|2026-06-14
form:a63b2b8d|a63b2b8d|Newhopecounselingsite|2026-06-14
form:442fa4e1|442fa4e1|Creativefamilycounseling|2026-06-14
form:0c305149|0c305149|Kentuckycounselingcenter|2026-06-14
form:f15a3db8|f15a3db8|Oleanderaesthetics|2026-06-14
cherish.lamar-smith@codman.org|2f130f63|Codman|2026-06-15
samantha@leighannelamarreinteriors.com|b935b369|Leighannelamarreinteriors|2026-06-15
info@pfeifferdesign.co.uk|a5f7cd72|Pfeifferdesign|2026-06-15
tor@denlife.co.uk|9f1599cd|Denlifeinteriors|2026-06-15
info@georginagibsoninteriordesign.co.uk|a19d39c3|Georginagibsoninteriordesign|2026-06-15
hello@elixirinteriordesign.co.uk|a0e53a19|Elixirinteriordesign|2026-06-15
somethingfabulousweddings@gmail.com|c096b997|Somethingfabulousweddings|2026-06-15
rfp@meetingtomorrow.com|df2ac344|Meetingtomorrow|2026-06-15
hello@littleraleighparty.com|264f314b|Littleraleighparty|2026-06-15
nicole@stagandlilyevent.co|6ca527d6|Stagandlilyevent|2026-06-15
hello@glintevents.com|6c263529|Glintevents|2026-06-15
colleen@ccsevents.com|ab338ffa|Ccsevents|2026-06-15
hello@lkeventsanddesign.com|0d454388|Lkeventsanddesign|2026-06-15
michshahbazyan@gmail.com|7987ec8f|Michelleshahbazyan|2026-06-15
form:2a869060|2a869060|Thewellbeingpractice|2026-06-15
form:9ad9285a|9ad9285a|Bruceframe|2026-06-15
form:b49e463a|b49e463a|Davidbiesse|2026-06-15
form:08a28ea3|08a28ea3|Shopcandles|2026-06-15
form:8a397a00|8a397a00|Brindledogscents|2026-06-15
form:fd1138b1|fd1138b1|Thehomesteadhydroponicfarm|2026-06-15
form:0a7c5e61|0a7c5e61|Health Wellbeing|2026-06-15
form:2159070d|2159070d|Lisakbradley|2026-06-15
form:7cd84cf0|7cd84cf0|Jamesohalloran|2026-06-15
form:797c00be|797c00be|Issuu|2026-06-15
form:759669e2|759669e2|Ivorytribe|2026-06-15
form:a09e5711|a09e5711|Terricainc|2026-06-15
info@crossroadsfcc.com|4edfaf5e|Counselingphoenixscottsdale|2026-06-16
ben@lifecoaching4men.com|410fd9c4|Lifecoaching4Men|2026-06-16
contact@robmills.com.au|cee79169|Robmills|2026-06-16
danielle@sjs.design|6f3ae31b|Sjsinteriordesign|2026-06-16
myhome@carmelhomes.com.au|db4228eb|Carmelhomes|2026-06-16
advertising@aremedia.co.nz|7d3ddf8b|Homestolove|2026-06-16
office@redmoonwellness.com|4c680ac2|Redmoonwellness|2026-06-16
info@slopewellnessny.com|2ad9717a|Slopewellnessny|2026-06-16
jenniekix@aol.com|76b41b24|Handsonhealthny|2026-06-16
accounts@business-school.ed.ac.uk|abac186a|Business School|2026-06-16
bookings@biancamiller.uk|73a91086|Biancamiller|2026-06-16
laura@lojcoaching.com|d9414c6e|Lojcoaching|2026-06-16
info@executive-coaching.co.uk|876890eb|Executive Coaching|2026-06-16
info@businesscoachscotland.co.uk|af073749|Businesscoachscotland|2026-06-16
form:60c72fa4|60c72fa4|Avantgarden|2026-06-16
form:246ae028|246ae028|Hautehill|2026-06-16
form:1a90011a|1a90011a|Kellyrentals|2026-06-16
form:6d408c25|6d408c25|24Hourdallas|2026-06-16
form:230c8484|230c8484|Agapeevents|2026-06-16
form:6ac5fd90|6ac5fd90|Greatwolf|2026-06-16
form:766efe61|766efe61|Spiritedliving|2026-06-16
form:7f18947b|7f18947b|Effortlesstyle|2026-06-16
form:5689c8dc|5689c8dc|Calvertandcostyling|2026-06-16
form:52cb929c|52cb929c|Bhomeproorganizing|2026-06-16
form:1600c714|1600c714|Professionalorganizerjamaicany|2026-06-16
form:cf76acfa|cf76acfa|Teamkghomes|2026-06-16
form:939f0949|939f0949|Scottsdaleesthetician|2026-06-16
form:bee4db45|bee4db45|Gameelaskin|2026-06-16
form:f9d0ed40|f9d0ed40|Maskdaesthetics|2026-06-16
form:45986abe|45986abe|Theoldtownesthetician|2026-06-16
form:80af3b3f|80af3b3f|Skinsavvyscottsdale|2026-06-16
form:bc50a87d|bc50a87d|Dhhmedspa|2026-06-16
form:a36ef1cd|a36ef1cd|Directory|2026-06-16
form:df7269cd|df7269cd|Drgiamarson|2026-06-16
form:5bd969ae|5bd969ae|Akashacenter|2026-06-16
form:83b5b397|83b5b397|Supportforrecovery|2026-06-16
form:6c1e5f2d|6c1e5f2d|Alvaradotherapy|2026-06-16
form:c65d1999|c65d1999|Johnsloan|2026-06-16
form:b13f8aa9|b13f8aa9|Therapyforlatinx|2026-06-16
form:6c923337|6c923337|Rodartelmft|2026-06-16
form:071a69b6|071a69b6|Daveandbusters|2026-06-16
form:51e0f32b|51e0f32b|Eclecticelegancebylisa|2026-06-16
form:70f3ab6e|70f3ab6e|Tiedandtrueevents|2026-06-16
form:55ea2d31|55ea2d31|Rozevents|2026-06-16
form:03d04336|03d04336|Blushandbay|2026-06-16
form:f90b6461|f90b6461|Abeautifulmemory|2026-06-16
form:0dff6eec|0dff6eec|Seabaughinteriors|2026-06-16
form:bd9eddfd|bd9eddfd|Goempiremovers|2026-06-16
form:8799517b|8799517b|Gracielaindesign|2026-06-16
form:4c5660ad|4c5660ad|Awesomecoach|2026-06-16
form:b2ac6395|b2ac6395|Directory|2026-06-16
form:4ddb4d7c|4ddb4d7c|Lisamcoachingabq|2026-06-16
form:db4441c7|db4441c7|Irisfanning|2026-06-16
form:c5dc0707|c5dc0707|Newenglandholdmetight|2026-06-16
form:f535f017|f535f017|Zoerodrigues|2026-06-16
form:872e7db1|872e7db1|Theeliseedit|2026-06-16
form:42cf9204|42cf9204|Durhammamastyle|2026-06-16
form:396f9755|396f9755|Inspireandstyle|2026-06-16
form:c4c02be3|c4c02be3|Coachprofessionally|2026-06-16
form:3623b530|3623b530|Sexcoachslc|2026-06-16
form:e586454c|e586454c|Lovelifecoaching|2026-06-16
form:802da280|802da280|Cassieashton|2026-06-16
form:0e7ec40b|0e7ec40b|Smarttherapyltd|2026-06-16
form:f07bee90|f07bee90|Theawarenesscentre|2026-06-16
form:b8502947|b8502947|Findmytherapistdirectory|2026-06-16
form:8507d54c|8507d54c|Myfrenchphysio|2026-06-16
form:67efd046|67efd046|Roomsfortherapists|2026-06-16
form:388f326b|388f326b|Nutritionistnear|2026-06-16
form:d8c05754|d8c05754|Susanacarroll|2026-06-16
form:cbf4a74b|cbf4a74b|Nutritionandbeyond|2026-06-16
form:11efd655|11efd655|Loveweddingphotosandfilm|2026-06-16
form:7c373c54|7c373c54|Ryanwhitephotography|2026-06-16
form:eaf66a63|eaf66a63|Inthenameoflovephotography|2026-06-16
form:2072dac0|2072dac0|Melodyjoy|2026-06-16
form:709c7101|709c7101|Makula|2026-06-16
form:870c36a0|870c36a0|Divinegrowthcoaching|2026-06-16
form:8148edf5|8148edf5|Clarityhealthcoach|2026-06-16
form:cf9e84a8|cf9e84a8|Healthyweightlossabq|2026-06-16
info@cogbtherapy.com|e14979ef|Cogbtherapy|2026-06-17
info@resolutionstreatment.com|e43700eb|Resolutionstreatment|2026-06-17
katie@katieseaver.com|1345b30e|Katieseaver|2026-06-17
hello@blindspotsintobutterflies.com|e253449d|Blindspotsintobutterflies|2026-06-17
info@malonecollective.com|22cbdea7|Malonecollective|2026-06-17
info@theneighbourhood.clinic|2166513b|Theneighbourhood|2026-06-17
info@fitzroynorthdoctors.com.au|12939904|Fitzroynorthdoctors|2026-06-17
communications@healthdirect.org.au|8a64ed26|Healthdirect|2026-06-17
hello@healthshare.com.au|0bbba981|Healthshare|2026-06-17
info@theneighbourhood.clinic|59569e3e|Theneighbourhood|2026-06-17
pierce-amanda1@aramark.com|482bfc8d|Hoyaeats|2026-06-17
katebrocknutrition@gmail.com|7a415095|Katebrocknutrition|2026-06-17
brianna@rdemily.com|9c430219|Rdemily|2026-06-17
oceanbluemedicalmassage@gmail.com|cddcc579|Oceanbluemedicalmassage|2026-06-17
form:b2bc5a8c|b2bc5a8c|Haloesthetics|2026-06-17
form:6be41922|6be41922|Poshestheticsco|2026-06-17
form:e93ad2dd|e93ad2dd|Denverskintherapy|2026-06-17
form:ab65f58d|ab65f58d|Signalskinscience|2026-06-17
form:d2667421|d2667421|Milehighmodernbeauty|2026-06-17
form:d9dd0f1b|d9dd0f1b|Klionskytherapymetrodc|2026-06-17
form:29356035|29356035|Dravimargolies|2026-06-17
form:992cf5e8|992cf5e8|Siblocounseling|2026-06-17
form:fca3ac03|fca3ac03|Elainemazanec|2026-06-17
form:2d45198b|2d45198b|Sandykiladatherapy|2026-06-17
form:92350d0c|92350d0c|Christynicole|2026-06-17
form:f98858b4|f98858b4|Memoriesbypjweddings|2026-06-17
form:c639a0a1|c639a0a1|Shawneecustalow|2026-06-17
form:4f9bc64d|4f9bc64d|Groomsartistry|2026-06-17
form:a5a093df|a5a093df|Truongbuiphotography|2026-06-17
form:238e1bf3|238e1bf3|Freedomincome|2026-06-17
form:7fafb88e|7fafb88e|Swiftresolvecoaching|2026-06-17
form:31022094|31022094|Branduplife|2026-06-17
form:5bff01e0|5bff01e0|Shoperaandco|2026-06-17
form:1ef782d3|1ef782d3|Bollyweds|2026-06-17
form:94a5bfe7|94a5bfe7|Tonymeredithcoaching|2026-06-17
form:e9928852|e9928852|Donna Stone|2026-06-17
form:fe133f3f|fe133f3f|Peoplesmartz|2026-06-17
form:e862c9ec|e862c9ec|Brisbanebusinesscoaching|2026-06-17
form:2e8bbe5e|2e8bbe5e|Creativecoach|2026-06-17
form:cfee997b|cfee997b|Thelifeconsultant|2026-06-17
form:12362a1c|12362a1c|Usharaman|2026-06-17
form:d5d55c1f|d5d55c1f|Enrichedbyexperience|2026-06-17
form:385776a5|385776a5|Firecrackerbeautyspa|2026-06-17
form:27e7ab8d|27e7ab8d|Allurespaandlounge|2026-06-17
form:3db66fbb|3db66fbb|Sanaspanm|2026-06-17
form:a7949db7|a7949db7|Thrivefinancialcoaching|2026-06-17
form:b6c1f9dc|b6c1f9dc|Cbhome|2026-06-17
form:40b190fb|40b190fb|Marcelleguilbeau|2026-06-17
form:ec6fb593|ec6fb593|Motivinteriors|2026-06-17
form:56e6a463|56e6a463|Credencedesignco|2026-06-17
form:d36144a8|d36144a8|Ashleymeier|2026-06-17
form:db9d6a12|db9d6a12|Facettemedicalspa|2026-06-17
form:d4adb369|d4adb369|Serenityacneaesthetics|2026-06-17
form:e942216a|e942216a|Soakspashop|2026-06-17
form:3e8a528d|3e8a528d|Laurenjarosz|2026-06-17
form:42b7c177|42b7c177|Ridgelinecounselingmt|2026-06-17
form:9c55ad6e|9c55ad6e|Subrosatherapy|2026-06-17
form:0e428daa|0e428daa|Ascensiontrailscounseling|2026-06-17
form:70515c0c|70515c0c|Rosannamaria|2026-06-17
form:4d02e8e9|4d02e8e9|Glambodysugaring|2026-06-17
form:63eee397|63eee397|Salonfrasca|2026-06-17
form:1075b999|1075b999|Dinedk|2026-06-17
form:65ba2903|65ba2903|Kosherlikeme|2026-06-17
form:bd945e4d|bd945e4d|Sossmartorganizingsolutions|2026-06-17
form:084f1f9e|084f1f9e|Denverhomeorganizing|2026-06-17
form:580166aa|580166aa|Eblewisdesign|2026-06-17
form:f092e546|f092e546|Prominentfp|2026-06-17
form:bd279c9f|bd279c9f|Kendrahilty|2026-06-17
form:21534984|21534984|Julsphotographyandcompany|2026-06-17
form:9c4b4e18|9c4b4e18|Lydiamcraephotography|2026-06-17
form:802310b9|802310b9|Rlincolnweddings|2026-06-17
form:6818836d|6818836d|Madieicephotography|2026-06-17
form:41ea55bf|41ea55bf|Columbusmindbody|2026-06-17
form:703896dc|703896dc|Chrysalis|2026-06-17
form:79927c31|79927c31|Wildhopetherapy|2026-06-17
form:e1e2bc87|e1e2bc87|Dragonflycw|2026-06-17
form:750bfc6b|750bfc6b|Lauraparktherapy|2026-06-17
form:714aaf6d|714aaf6d|Mcdtherapy|2026-06-17
form:fdf9a905|fdf9a905|Myportlandtherapy|2026-06-17
form:a69eebd3|a69eebd3|Stacyable|2026-06-17
form:c53adb41|c53adb41|Jaymeriggleman|2026-06-17
form:29139c98|29139c98|Carriecollierphd|2026-06-17
form:d080c94c|d080c94c|Smiletherapyservices|2026-06-17
form:f9ab0f2a|f9ab0f2a|Cocobeautyaesthetics|2026-06-17
form:ccf3ceec|ccf3ceec|Jodieminto|2026-06-17
form:6c33a546|6c33a546|Dupontcircleskincare|2026-06-17
form:078a1628|078a1628|Alpinewellnessclinic|2026-06-17
form:5d00ed92|5d00ed92|Shinecounseling|2026-06-17
form:ddce9bf3|ddce9bf3|Hourglasskc|2026-06-17
form:3d37b3a9|3d37b3a9|Kcmmt|2026-06-17
form:d528d3fc|d528d3fc|Mendpsychotherapy|2026-06-17
form:a85f9a48|a85f9a48|Kcresolve|2026-06-17
form:0d2b2e93|0d2b2e93|Comefeelawesome|2026-06-17
form:e1e965a3|e1e965a3|Eversevents|2026-06-17
form:189df613|189df613|Beckandcoevents|2026-06-17
form:f01b028f|f01b028f|Natyempire|2026-06-17
form:f9b227d2|f9b227d2|Smartbusinessinsurance|2026-06-17
form:6a4c8956|6a4c8956|Vivieredesigns|2026-06-17
form:7be0523c|7be0523c|Sellmychicagohousefast|2026-06-17
form:e0957523|e0957523|Andersongrouprealtors|2026-06-17
form:8b67d1b9|8b67d1b9|Allisondeweyphotography|2026-06-17
form:613a6eaf|613a6eaf|Corina Photography|2026-06-17
form:fb34b873|fb34b873|Sallyfaithphotography|2026-06-17
form:8786a31a|8786a31a|Joshdickerweddings|2026-06-17
form:16dd3686|16dd3686|Tomkphoto|2026-06-17
form:f9b2d158|f9b2d158|Libbychristensen|2026-06-17
form:61eb217e|61eb217e|Abundancecoaching|2026-06-17
form:5932a790|5932a790|Abundancecoaching|2026-06-17
form:ada4664b|ada4664b|Yourfueltothrive|2026-06-17
form:682f420a|682f420a|Eatmovethrivespokane|2026-06-17
form:991f5851|991f5851|Nutrishopspokane|2026-06-17
form:dcada140|dcada140|Ckdfamilylaw|2026-06-17
form:f4d57c76|f4d57c76|Veehathaway|2026-06-17
form:384c0f7f|384c0f7f|Bespokeimage|2026-06-17
form:36afa2df|36afa2df|Mindfulcloset|2026-06-17
form:b0e2c4ff|b0e2c4ff|Susanbigsby|2026-06-17
form:5da3ec84|5da3ec84|Meggallagher|2026-06-17
form:3318c4bd|3318c4bd|Divorcelendingassociation|2026-06-17
form:5d846cfa|5d846cfa|Nostalgiacounseling|2026-06-17
form:030dc8c7|030dc8c7|Weddingsbysallyrose|2026-06-17
form:0fc968e1|0fc968e1|Bestofweddingphotography|2026-06-17
form:0b61a1bc|0b61a1bc|Mcaraphotography|2026-06-17
form:73ab9fc3|73ab9fc3|Relationshipcoachbetty|2026-06-17
form:c64c5b73|c64c5b73|Lovebossmatchmaking|2026-06-17
form:dc6db5d8|dc6db5d8|Modernintimacy|2026-06-17
form:436a448e|436a448e|Theemissingpiece|2026-06-17
form:2f164da1|2f164da1|Roadblockcoach|2026-06-17
form:23dfd2d8|23dfd2d8|Gilliandalgliesh|2026-06-17
form:00ac1148|00ac1148|Diabetichealthcoach|2026-06-17
form:60fe8aa8|60fe8aa8|Studiooneninedesign|2026-06-17
form:976d7593|976d7593|Attainyourinterior|2026-06-17
form:cae10a32|cae10a32|Lisarice|2026-06-17
form:82cfb180|82cfb180|Maggiedilloninteriors|2026-06-17
form:65a8a158|65a8a158|Annaapplegateinteriors|2026-06-17
form:387b71f6|387b71f6|Ozpartyevents|2026-06-17
form:33c6dc6b|33c6dc6b|Allsortedhome|2026-06-17
form:b1a0604f|b1a0604f|Therapyintampa|2026-06-17
form:1562ff81|1562ff81|Drjoshuashannon|2026-06-17
form:38991386|38991386|Restorationcounselingflorida|2026-06-17
form:d1ac1763|d1ac1763|Trinity Therapy|2026-06-17
form:91e7e6ce|91e7e6ce|Plumtherapyandwellness|2026-06-17
form:e4eb8f3f|e4eb8f3f|Zoetrycounseling|2026-06-17
form:5faa7bdf|5faa7bdf|Crescentcounselingdallas|2026-06-17
form:257ef852|257ef852|Lakewoodtherapy|2026-06-17
form:79bc0ed7|79bc0ed7|Wellness360Dallas|2026-06-17
form:20d1b783|20d1b783|Positiveoutlookcounseling|2026-06-17
form:1d6d57ec|1d6d57ec|Adentrodesigns|2026-06-17
form:ba2db983|ba2db983|Dawnhearn|2026-06-17
form:6d245bbc|6d245bbc|Cosmopolitan|2026-06-17
form:e41f665a|e41f665a|Redefinedesignsco|2026-06-17
form:0366c455|0366c455|Kq Design|2026-06-17
form:b310699c|b310699c|Thriveinteriordesign|2026-06-17
form:6ad59450|6ad59450|Inspirehealthcoach|2026-06-17
form:be348edd|be348edd|Meetamandalemmage|2026-06-17
form:01870451|01870451|Myhealthyobsession|2026-06-17
form:28147096|28147096|Karenfitnessmn|2026-06-17
form:e5154263|e5154263|Dietitianyourway|2026-06-17
form:66c3d352|66c3d352|Intuitiveohio|2026-06-17
form:84fb7d94|84fb7d94|Thegreeneberger|2026-06-17
form:1a746acd|1a746acd|Rachkobernikphoto|2026-06-17
form:2bdde224|2bdde224|Pho Co|2026-06-17
form:e779ce11|e779ce11|Seanlara|2026-06-17
form:5e323488|5e323488|Whitnessthis|2026-06-17
form:c380253d|c380253d|Lowercaseimaging|2026-06-17
form:374be611|374be611|Jenniferjeanphotography|2026-06-17
form:81ec777e|81ec777e|Neurishnutrition|2026-06-17
form:60d631db|60d631db|Sidebysidenutrition|2026-06-17
form:819887be|819887be|Ftcollinsnutrition|2026-06-17
form:7b81c8e6|7b81c8e6|Kindred Edit|2026-06-17
form:ed687798|ed687798|Austinbusinesswoman|2026-06-17
form:b6e25526|b6e25526|Laurelkinney|2026-06-17
form:54d4bea3|54d4bea3|Luisanunez|2026-06-17
form:e323a272|e323a272|Blocksofstyle|2026-06-17
form:c017f449|c017f449|Taylor Grace Log2|2026-06-17
form:478d7bd3|478d7bd3|Truevisionarycoaching|2026-06-17
form:b583ff36|b583ff36|Transformationalpresence|2026-06-17
form:8e52b7c5|8e52b7c5|1Stopstartup|2026-06-17
form:299c16de|299c16de|Coachmonique|2026-06-17
form:b41f510f|b41f510f|Youmeandgodmakethreelifecoaching|2026-06-17
form:ab778bc8|ab778bc8|Zenjen|2026-06-17
form:1a27ae08|1a27ae08|Thinkandgroweducation|2026-06-17
form:e5a25c92|e5a25c92|Taracoleman|2026-06-17
form:f6be244c|f6be244c|Crystalkarges|2026-06-17
form:43e54ee5|43e54ee5|Sdsmweightandwellness|2026-06-17
form:8001f0f1|8001f0f1|Lesleywaldron|2026-06-17
form:503e8344|503e8344|Karishealthmn|2026-06-17
bluorchidabq@gmail.com|b53ebce4|Bluorchidabq|2026-06-17
info@rosaphoto.com.au|88edd9f6|Rosaphoto|2026-06-17
hello@treephotovideo.net.au|522b3020|Treephotovideo|2026-06-17
momentstolifephotography@gmail.com|f39a6ff3|Momentstolife|2026-06-17
mail@freshphotography.com.au|26853b80|Freshphotography|2026-06-17
info@redfinchphotography.com.au|2f5b621a|Redfinchphotography|2026-06-17
info@ateiaphotography.com.au|e365d3d7|Ateiaphotography|2026-06-17
hello@kyleeyee.com|0d83a18b|Kyleeyee|2026-06-17
info@counselingwellnesspgh.com|0bb9aee2|Counselingwellnesspgh|2026-06-17
therapy@valiantmindscounseling.com|0c68a5bb|Valiantmindscounseling|2026-06-17
contact@ijcpgh.com|00755205|Innerjourneycounselingpittsburgh|2026-06-17
info@calmpittsburgh.com|2321dce0|Calmpittsburgh|2026-06-17
info@cloudaesthetics.au|446636b1|Cloudaesthetics|2026-06-17
cosmetic@northsidedermatology.com.au|9f8f09f4|Northsidedermatology|2026-06-17
form:646193f8|646193f8|Buckleyphotographyboise|2026-06-17
form:16618ac4|16618ac4|Yasinskiphotography|2026-06-17
form:54064943|54064943|Ericarochellephotography|2026-06-17
form:375dd96d|375dd96d|Brambleandvine|2026-06-17
form:297151a6|297151a6|Tanaphotography|2026-06-17
form:3c6ba9d4|3c6ba9d4|Danyeldeboise|2026-06-17
form:ec8b37a7|ec8b37a7|Phidang|2026-06-17
form:455eb37e|455eb37e|Yourwayup|2026-06-17
form:c7444400|c7444400|Carlamillercoaching|2026-06-17
form:7af46a80|7af46a80|Lifecoachspokane|2026-06-17
form:8e4b139a|8e4b139a|Fourthdimensioncounseling|2026-06-17
form:e1b59ac5|e1b59ac5|Growingslower|2026-06-17
form:89441698|89441698|Tranquildesignsolutions|2026-06-17
form:5c96eaba|5c96eaba|Empowerwellness|2026-06-17
form:e3302908|e3302908|Organizedmarie|2026-06-17
form:9655e4a3|9655e4a3|Editandorganizecharlotte|2026-06-17
form:d0b65344|d0b65344|Roomtobreathenc|2026-06-17
form:7847c49b|7847c49b|Lazzerini Interiors|2026-06-17
form:a90bc06d|a90bc06d|Nicolaholdendesigns|2026-06-17
form:464b5715|464b5715|Nathankingsbury|2026-06-17
form:4c9eb7b2|4c9eb7b2|Huskyhouseinteriors|2026-06-17
form:f4c88cf0|f4c88cf0|Nsinteriors|2026-06-17
form:6c84d636|6c84d636|Nicoleeveringham|2026-06-17
form:621181ff|621181ff|Ivannalmft|2026-06-17
form:d183747e|d183747e|Schriberdesigns|2026-06-17
form:2b9e4dd1|2b9e4dd1|Emilyfosterinteriors|2026-06-17
form:3b276f7d|3b276f7d|Drpamthompson|2026-06-17
form:a98101e8|a98101e8|Nichedbynichelle|2026-06-17
form:0d8b452f|0d8b452f|Deborahhardee|2026-06-17
form:071053a7|071053a7|Alexmaldonadophotography|2026-06-17
form:a8429b02|a8429b02|Restorativeatlanta|2026-06-17
form:f5c540a0|f5c540a0|Atlantapsychotherapyllc|2026-06-17
form:d7d9120d|d7d9120d|Atlantatherapistbuckhead|2026-06-17
form:a2103e18|a2103e18|Restorationcounselingatl|2026-06-17
form:0a56221a|0a56221a|Shanaevansbassett|2026-06-17
form:a44ce261|a44ce261|Talkaboutherapy|2026-06-17
form:931369fd|931369fd|Westatlantatherapy|2026-06-17
form:45ad38e5|45ad38e5|Lorimurtagh|2026-06-17
form:976ade93|976ade93|Arlifestyledesigns|2026-06-17
form:7a6fed48|7a6fed48|Amylarsoncoaching|2026-06-17
form:01590249|01590249|Boulderawakenings|2026-06-17
form:0ba97c3f|0ba97c3f|Truenextstep|2026-06-17
form:d817df02|d817df02|Pacificlifecoach|2026-06-17
form:f70ea866|f70ea866|Sanitaswellness|2026-06-17
form:f342bfb2|f342bfb2|Mooreprofessionaltherapy|2026-06-17
form:7cde87c9|7cde87c9|Denisekikercoaching|2026-06-17
form:caaee3ff|caaee3ff|Bozemannutritionist|2026-06-17
form:9bbcc2f4|9bbcc2f4|Jillchasenutrition|2026-06-17
form:4a14dcc7|4a14dcc7|Glintevents|2026-06-17
form:44ffb01b|44ffb01b|Stagandlilyevent|2026-06-17
form:a2b7ecd3|a2b7ecd3|Suecorralink|2026-06-17
form:0db17e94|0db17e94|Ashevilleinteriordesign|2026-06-17
form:5fedb1ca|5fedb1ca|Baradinteriors|2026-06-17
form:a2febc0e|a2febc0e|Carriemooreid|2026-06-17
form:acbcb4ac|acbcb4ac|Lizhackettinteriors|2026-06-17
form:66bb7467|66bb7467|Counselingwithkristina|2026-06-17
form:aa21c955|aa21c955|Dallasdietitiannutritionist|2026-06-17
form:ced91f35|ced91f35|Back2Basicsfxn|2026-06-17
form:049b20c6|049b20c6|Starkelnutrition|2026-06-17
form:e7a25ec3|e7a25ec3|Seattlenutrition|2026-06-17
form:b6592380|b6592380|Realnutritionpllc|2026-06-17
form:9f395545|9f395545|Johannarichter|2026-06-17
form:db9b19a8|db9b19a8|Charlotteheald|2026-06-17
form:a311c28c|a311c28c|Islandnourish|2026-06-17
form:8fde4c97|8fde4c97|Shmikinteriors|2026-06-17
form:b5cc98da|b5cc98da|13Interiors|2026-06-17
form:1336ab01|1336ab01|Debbilbao|2026-06-17
form:79838779|79838779|Hurrenconsulting|2026-06-17
form:f37e944e|f37e944e|Reneebowen|2026-06-17
form:ed7f7143|ed7f7143|Abstractelementsevents|2026-06-17
form:4c9352ab|4c9352ab|Wmevents|2026-06-17
form:c02383db|c02383db|Kontoureventmgmt|2026-06-17
form:d8141ab4|d8141ab4|Zarakingphotography|2026-06-17
form:6c0e497c|6c0e497c|Reneelarastyle|2026-06-17
form:5003b5bd|5003b5bd|Gaylerichstyle|2026-06-17
form:309a93a6|309a93a6|Benutritionco|2026-06-17
form:b0d9ba7a|b0d9ba7a|Srnutrition|2026-06-17
form:e5e142bf|e5e142bf|Willowsnutrition|2026-06-17
form:d9194e2c|d9194e2c|Zeolinutrition|2026-06-17
form:aca57fb7|aca57fb7|Zenskincarestudio|2026-06-17
form:c71ec217|c71ec217|Bohemianwayofdesign|2026-06-17
form:59ca4eb2|59ca4eb2|Galinetter|2026-06-18
form:bc30e7c8|bc30e7c8|Ourweddingphotography|2026-06-18
form:f77e3c65|f77e3c65|Thrivephotos|2026-06-18
form:8bcf4539|8bcf4539|Callawaygable|2026-06-18
form:9f3fff09|9f3fff09|Three16Photography|2026-06-18
form:ff1fe8ea|ff1fe8ea|4Karmastudio|2026-06-18
form:2f0d52b1|2f0d52b1|Montanagatherings|2026-06-18
form:29e4e4eb|29e4e4eb|Montana|2026-06-18
form:c00ee5b7|c00ee5b7|Mattbirkandcompany|2026-06-18
form:e7993d20|e7993d20|Savannahtherapist|2026-06-18
form:c15d89ec|c15d89ec|Mybrighterhorizons|2026-06-18
form:0c4c162c|0c4c162c|Balanceyoucounseling|2026-06-18
form:fbc2b507|fbc2b507|Familyfirsttherapy|2026-06-18
form:8b3e1c2e|8b3e1c2e|Thetravelesthetician|2026-06-18
form:e06ed435|e06ed435|Atxaesthetician|2026-06-18
form:e1a78fb0|e1a78fb0|Brianmullinsphotography|2026-06-18
form:595f832f|595f832f|Sammieb|2026-06-18
form:7555da17|7555da17|101Studiollc|2026-06-18
form:892a8275|892a8275|Jbivphotography|2026-06-18
form:33a2e1cc|33a2e1cc|Julieanderson Photography|2026-06-18
form:17f30600|17f30600|Austinerkl|2026-06-18
form:23ad9de5|23ad9de5|Salayehself|2026-06-18
form:43d1c7e6|43d1c7e6|Shelleyjwhitehead|2026-06-18
form:88fe097f|88fe097f|Thehealthcoach|2026-06-18
form:77914a7c|77914a7c|Newyouedinburgh|2026-06-18
form:077665dd|077665dd|Vanessavaliente|2026-06-18
form:16b18b5c|16b18b5c|Nileandyork|2026-06-18
form:3c56c639|3c56c639|Lxrystudio|2026-06-18
form:f98673ac|f98673ac|Michlifecoach|2026-06-18
form:34e3c6ac|34e3c6ac|Tripplehorninteriors|2026-06-18
form:3c4970a1|3c4970a1|Thecornerstonecollective|2026-06-18
form:55c6b2cf|55c6b2cf|Mintandpine|2026-06-18
form:e226a9e6|e226a9e6|Truefoodsnutrition|2026-06-18
form:48d954a3|48d954a3|Nutritionlongevitywithjakebiggs|2026-06-18
form:cb028d61|cb028d61|Designerdiets|2026-06-18
form:07c1da4e|07c1da4e|Virgohomeorganizing|2026-06-18
form:663efd02|663efd02|Igniteorganization|2026-06-18
form:6b30bf2c|6b30bf2c|Xantherowland|2026-06-18
form:0ab05f45|0ab05f45|Mattwillisphotography|2026-06-18
form:62a53650|62a53650|Scphotography|2026-06-18
form:15de453e|15de453e|Albertpalmerphotography|2026-06-18
form:7aa89244|7aa89244|Hotwellsphotography|2026-06-18
form:74e85b3b|74e85b3b|Martindabek|2026-06-18
form:6ebe5a92|6ebe5a92|Adambarnardphotography|2026-06-18
form:1886f641|1886f641|Withstyleco|2026-06-18
form:e6936295|e6936295|Stockport|2026-06-18
form:3d9f045e|3d9f045e|Caterinaavanzi|2026-06-18
form:c55455ea|c55455ea|Blossomstyling|2026-06-18
form:62c6f87f|62c6f87f|Vostramoda|2026-06-18
form:9178a7ef|9178a7ef|Mollenhoffnutrition|2026-06-18
form:90c65102|90c65102|Bare Esthetics|2026-06-18
form:5859db07|5859db07|Joodaw|2026-06-18
form:0d517a09|0d517a09|Nashvilletherapist|2026-06-18
form:8a3ecb39|8a3ecb39|Tnmentalwellness|2026-06-18
form:be9fd4bd|be9fd4bd|Southeastpsychnashville|2026-06-18
form:2a1f24d1|2a1f24d1|Newcounselingpllc|2026-06-18
form:196147db|196147db|Heidioh|2026-06-18
form:551fc778|551fc778|Cristiandavid|2026-06-18
form:afe9b443|afe9b443|Stylemongersofbristol|2026-06-18
form:32be0fb6|32be0fb6|Baileyandcointeriordesign|2026-06-18
form:c4abb56c|c4abb56c|Studiorey|2026-06-18
form:ca4f5484|ca4f5484|Gassonphillipsinteriors|2026-06-18
form:66e77aaa|66e77aaa|Interactiveparty|2026-06-18
form:f5a4d47b|f5a4d47b|Pbstrategies|2026-06-18
form:f3364a48|f3364a48|Outoftheboxadvisors|2026-06-18
form:beac3420|beac3420|Jeanbriese|2026-06-18
form:858596ae|858596ae|Monicalindaphotography|2026-06-18
form:181801fb|181801fb|Cyrusonephoto|2026-06-18
form:0cf3d50a|0cf3d50a|Tttphotography|2026-06-18
form:dbdcc2b6|dbdcc2b6|Sdbphotos|2026-06-18
form:226194cd|226194cd|Eastendphotofilm|2026-06-18
form:273bb3da|273bb3da|Oliviaraejames|2026-06-18
form:4b2d4add|4b2d4add|Redshutterstudio|2026-06-18
form:d0fe6fda|d0fe6fda|Theworldofdoug|2026-06-18
form:60edcfc5|60edcfc5|Thefamilybusinesscoach|2026-06-18
form:e598605e|e598605e|Sbciusa|2026-06-18
form:6382c1a2|6382c1a2|Jllbmedia|2026-06-18
form:8a232431|8a232431|Newhopecounselingsite|2026-06-18
form:4fc14807|4fc14807|Jtowncounseling|2026-06-18
form:c733eb69|c733eb69|Hypnotherapylouisville|2026-06-18
form:48c858a7|48c858a7|Wovennest|2026-06-18
form:e421a312|e421a312|Atlascounselingseattle|2026-06-18
form:abfa41fb|abfa41fb|Rbtherapy|2026-06-18
form:773c959c|773c959c|Psychologyinseattle|2026-06-18
form:4d2b87bf|4d2b87bf|Kintherapyseattle|2026-06-18
form:8802c419|8802c419|Seattletherapyandcounseling|2026-06-18
form:4eda0b8b|4eda0b8b|Reflectseattle|2026-06-18
form:3045c883|3045c883|Moderntherapyseattle|2026-06-18
form:4c9585aa|4c9585aa|Vitaehealthcoaching|2026-06-18
form:da3a3355|da3a3355|Stateofgracestudios|2026-06-18
form:b6808b25|b6808b25|Karennorian|2026-06-18
form:f257cb41|f257cb41|Maxaott|2026-06-18
form:c00d5060|c00d5060|Amandarogerscoaching|2026-06-18
form:06e5583b|06e5583b|Staceyinal|2026-06-18
form:fe2a2209|fe2a2209|Joannekoegllmft|2026-06-18
form:f9dd1428|f9dd1428|Wellbeing Minds|2026-06-18
form:d16c97f7|d16c97f7|Thebeachpad|2026-06-18
form:ec6c6da9|ec6c6da9|Weddingbyharry|2026-06-18
form:ce31006f|ce31006f|Phoebeaddisphotography|2026-06-18
form:e82ca3e3|e82ca3e3|Tucsonmicrodermabrasion|2026-06-18
form:4cba8696|4cba8696|Chezperle|2026-06-18
form:39ecfb59|39ecfb59|Joeglow|2026-06-18
form:ace71d15|ace71d15|Renewedstories|2026-06-18
form:fb0b3f44|fb0b3f44|Icnspokane|2026-06-18
form:67294b1c|67294b1c|Anchorspokane|2026-06-18
form:b2ae79f7|b2ae79f7|Abrighterwaycounseling|2026-06-18
form:b1f3e670|b1f3e670|Heartsongcounseling|2026-06-18
form:6edaf716|6edaf716|Craigobrien|2026-06-18
form:570d9817|570d9817|Mikeakerman|2026-06-18
form:ce14235f|ce14235f|Peggychiucoaching|2026-06-18
form:d94cf430|d94cf430|Upcoach|2026-06-18
form:10fc5d65|10fc5d65|Barbarawhitenutritiontherapy|2026-06-18
form:50b25c24|50b25c24|Bouldernutritionaltherapy|2026-06-18
form:97c9ae10|97c9ae10|Therootednutrition|2026-06-18
form:3bce2eb6|3bce2eb6|Estrelafarias|2026-06-18
form:7a10f0d5|7a10f0d5|Debbiejohnson|2026-06-18
form:07514d26|07514d26|Jenniferv|2026-06-18
form:17d34b19|17d34b19|Rsvp Events|2026-06-18
form:0d3688f6|0d3688f6|Cottageluxe|2026-06-18
form:65e02ed1|65e02ed1|Thetraumatherapist|2026-06-18
form:282f4fa6|282f4fa6|Bceft|2026-06-18
form:910a1055|910a1055|Forbes|2026-06-18
form:4e527236|4e527236|Musicability|2026-06-18
form:60c455f3|60c455f3|Wellnessrenegades|2026-06-18
form:19b891e6|19b891e6|Carpentersmith|2026-06-18
form:dbe4ab77|dbe4ab77|Philbride|2026-06-18
form:0678944f|0678944f|Iconcustomsuits|2026-06-18
form:76107038|76107038|Businessgrowthneworleans|2026-06-18
form:56b05e93|56b05e93|Chrisnwest|2026-06-18
form:d01ebf9c|d01ebf9c|Styleculture|2026-06-18
form:d173dea2|d173dea2|Allaboutstyle|2026-06-18
form:e014b4af|e014b4af|Skinbytjmk|2026-06-18
form:cfd4506a|cfd4506a|Delaneyhenry|2026-06-18
form:dd048a00|dd048a00|Archibaldwright|2026-06-18
form:bd37b527|bd37b527|Dragonfly Wolf P2R2|2026-06-18
form:90e35157|90e35157|Chillaxfinance|2026-06-18
form:402a794a|402a794a|Edinburghcbt|2026-06-18
form:984029d5|984029d5|Newtowntherapyedinburgh|2026-06-18
form:685e2056|685e2056|Edinburghtherapycentre|2026-06-18
form:0e3bf7b2|0e3bf7b2|Roomfortherapy|2026-06-18
form:e04c6c0f|e04c6c0f|Edinburghtherapist|2026-06-18
form:43f85896|43f85896|Heaplanner|2026-06-18
form:f2602207|f2602207|Classiedesignsevent|2026-06-18
form:b8731fa5|b8731fa5|Joannacrosscounseling|2026-06-18
form:ff720ffd|ff720ffd|Lifetutors|2026-06-18
form:14317d0a|14317d0a|Simplifycurate|2026-06-18
form:15582773|15582773|Tidybirdinteriors|2026-06-18
form:e6ea9e60|e6ea9e60|Spacejamorganizing|2026-06-18
form:132dcb2c|132dcb2c|Seasonshandmadejewelry|2026-06-18
form:eebca1ee|eebca1ee|Blog|2026-06-18
form:23dfaedb|23dfaedb|Julietuton|2026-06-18
form:4ceeb717|4ceeb717|Mamassecretskincare|2026-06-18
form:82762f9e|82762f9e|Rainnaturalskincare|2026-06-18
form:dff52579|dff52579|Feelthiskincare|2026-06-18
form:6f44650c|6f44650c|Aprilsbeautifulbee|2026-06-18
form:6a65130e|6a65130e|Jbhomemade|2026-06-18
form:68bb86ec|68bb86ec|Tlccandleco|2026-06-18
form:66335644|66335644|Candlesbyzoe|2026-06-18
form:fcb42ee6|fcb42ee6|Jkmsoycandles|2026-06-18
form:469cb7ca|469cb7ca|Ashbycandles|2026-06-18
form:863f8ac2|863f8ac2|Christinacohnceramics|2026-06-18
form:37df000f|37df000f|Redletterclay|2026-06-18
form:3dd44252|3dd44252|Ceramicsouls|2026-06-18
form:ee062405|ee062405|Aceramicartstudio|2026-06-18
form:cf0fd6bf|cf0fd6bf|Ermpotterystudio|2026-06-18
form:683a3f6d|683a3f6d|Lazynotebook|2026-06-18
form:3679653b|3679653b|Beckybarnesstyle|2026-06-18
form:e011d060|e011d060|Jomcdiarmid|2026-06-18
form:8ef141c9|8ef141c9|Stylegalore|2026-06-18
form:5d6c78d8|5d6c78d8|Bristol|2026-06-18
form:7c4b9344|7c4b9344|Pivotimage|2026-06-18
form:5f5116ff|5f5116ff|Innerform|2026-06-18
form:459292ce|459292ce|Spacesbykelly|2026-06-18
form:1b12bb97|1b12bb97|Threeinteriordesign|2026-06-18
form:4fb17ebe|4fb17ebe|Amynewtoninteriors|2026-06-18
form:1c64028e|1c64028e|Interiordesignermanchester|2026-06-18
form:a4bf8e02|a4bf8e02|Studiomoodetc|2026-06-18
form:b557b75d|b557b75d|Pizazz2Interiorsstl|2026-06-18
form:d8385a8a|d8385a8a|Applestoorangesnutrition|2026-06-18
form:89275fd3|89275fd3|Leahwardinteriors|2026-06-18
form:30020171|30020171|Lisajenseninteriordesign|2026-06-18
form:97533b9c|97533b9c|Breathefree|2026-06-18
form:7a237996|7a237996|Cheshirepartyplanner|2026-06-18
form:b51eed54|b51eed54|Debbienussbaum|2026-06-18
form:84614fae|84614fae|Stagedevents|2026-06-18
form:aaf9d686|aaf9d686|Theglamroomkc|2026-06-18
form:69094a15|69094a15|Decuratedinteriors|2026-06-18
form:8887312e|8887312e|Jntinteriors|2026-06-18
form:180fed87|180fed87|Emilywilcox|2026-06-18
form:3ff75ea7|3ff75ea7|Elevatedstylebyaliya|2026-06-18
form:5ea37b02|5ea37b02|Rhondamarinoff|2026-06-18
form:4492e68f|4492e68f|Mypersonalstylistnyc|2026-06-18
form:106c1b0f|106c1b0f|Personalstylist|2026-06-18
form:c3e1ffe8|c3e1ffe8|10Xbusinesscoach|2026-06-18
form:de69ad7b|de69ad7b|Timlyonsjr|2026-06-18
form:872fbc12|872fbc12|Shateara|2026-06-18
form:baee44df|baee44df|Uchangeu|2026-06-18
form:21e62b5b|21e62b5b|Minchinmoore|2026-06-18
form:c033d969|c033d969|Bloominnola|2026-06-18
form:62416ea9|62416ea9|Nolatherapist|2026-06-18
form:4cdcb129|4cdcb129|Nolaartherapy|2026-06-18
form:19fd8f23|19fd8f23|Nolaarttherapy|2026-06-18
form:52d25a18|52d25a18|Reconnectnola|2026-06-18
form:ebb140b6|ebb140b6|Realbalance|2026-06-18
form:957599b3|957599b3|Wabisabihealthcoaching|2026-06-18
form:99aab10f|99aab10f|Studioveil|2026-06-18
form:f811eb7d|f811eb7d|Laurenkanzler|2026-06-18
form:958a9194|958a9194|Apeekwithin|2026-06-18
form:713a5f16|713a5f16|Bestillcounselingsc|2026-06-18
form:6551b5c2|6551b5c2|Healthymindspsych|2026-06-18
form:0560e937|0560e937|Lcbhealth|2026-06-18
form:eba31964|eba31964|Parkcirclecounseling|2026-06-18
form:b1b0f006|b1b0f006|Bigbencoaches|2026-06-18
form:51a0078d|51a0078d|Chriskenber|2026-06-18
form:41e16d04|41e16d04|Coachinglane|2026-06-18
form:2e2d231d|2e2d231d|Markschall|2026-06-18
form:fdae3383|fdae3383|Atomus|2026-06-18
form:93c2840f|93c2840f|Renewyourhealth|2026-06-18
form:170e0076|170e0076|Universalconnectiontohealth|2026-06-18
form:9eaea0d0|9eaea0d0|Innerfirehealthcoach|2026-06-18
form:fdf77c78|fdf77c78|Aesthetikartistry|2026-06-18
form:f3b2d3b8|f3b2d3b8|Nvieskincare|2026-06-18
form:e96c8dee|e96c8dee|Porternutrition|2026-06-18
form:6114d4cb|6114d4cb|Daniellebrown|2026-06-18
form:509e858d|509e858d|Skysimonephotography|2026-06-18
form:9885e130|9885e130|Litwed|2026-06-18
form:332e9000|332e9000|Hunterhennes|2026-06-18
form:e080eeb5|e080eeb5|Elisajoydesigns|2026-06-18
form:169f55a7|169f55a7|Femmefame|2026-06-18
form:8cd6661c|8cd6661c|Blairesbling|2026-06-18
form:82b48a46|82b48a46|Oak Ridge Organics Ct|2026-06-18
form:7b254db0|7b254db0|Anorganicoasis|2026-06-18
form:925519b2|925519b2|Prabayaogranicsuk|2026-06-18
form:3b08b69a|3b08b69a|Apoppycary|2026-06-18
form:d781c484|d781c484|Skincarejungle|2026-06-18
form:79aa6f2e|79aa6f2e|Blackcreekbotanicals|2026-06-18
form:661114c9|661114c9|Ashhopper|2026-06-18
form:71b7f97d|71b7f97d|Folklor|2026-06-18
form:b6cb0202|b6cb0202|Waxingandraining|2026-06-18
form:93c44515|93c44515|Enkindlestudio|2026-06-18
form:8359ecd7|8359ecd7|Jaxpottery|2026-06-18
form:e2cc4a7d|e2cc4a7d|Barredrockstudios|2026-06-18
form:d2de2df7|d2de2df7|Audpottery|2026-06-18
form:fbb81956|fbb81956|Ritartceramics|2026-06-18
form:6c4863eb|6c4863eb|Oceanfirepottery|2026-06-18
form:1b2b1c82|1b2b1c82|Zoeybscheler|2026-06-18
form:8a934a2b|8a934a2b|Marissaya|2026-06-18
form:21fd4a66|21fd4a66|Marinabauguil|2026-06-18
form:60e50c34|60e50c34|Shelleyschreiber Art|2026-06-18
form:68b32143|68b32143|Erinsummer|2026-06-18
form:fafa91dc|fafa91dc|Ahumbleplace|2026-06-18
form:613e15f5|613e15f5|Liannepflug|2026-06-18
form:32a963cf|32a963cf|Adriennevita|2026-06-18
form:7c2350be|7c2350be|Conciergeestheticianmiami|2026-06-18
form:5e49afa9|5e49afa9|Inskin|2026-06-18
form:352797c0|352797c0|Refreshyourbeauty|2026-06-18
form:c63287f9|c63287f9|Roxaraesthetic|2026-06-18
form:189c8008|189c8008|Brillianteventplanning|2026-06-18
form:f3d3863b|f3d3863b|Giseledecorationsandevents|2026-06-18
form:ae3f10de|ae3f10de|Thecollagesalon|2026-06-18
form:920155e0|920155e0|Iridescenceesthetics|2026-06-18
form:bd5dfa6b|bd5dfa6b|Ayurvedichealing|2026-06-18
form:3c0a6bf8|3c0a6bf8|Marcosavellan|2026-06-18
form:44667fd4|44667fd4|Elitesoundevents|2026-06-18
form:f89d462f|f89d462f|Meredithlee|2026-06-18
form:f00b42e8|f00b42e8|Saraholiviaphoto|2026-06-18
form:3476c10b|3476c10b|Heretodayphoto|2026-06-18
form:c804610f|c804610f|Alfredtang|2026-06-18
form:b3afa00a|b3afa00a|Howieephotography|2026-06-18
form:e5b2c151|e5b2c151|Thisloveofyours|2026-06-18
form:0c03d052|0c03d052|Rachellecronephotography|2026-06-18
form:d55d3505|d55d3505|Terralange|2026-06-18
form:5849b87f|5849b87f|Nutritionresultsusa|2026-06-18
form:b913df7b|b913df7b|Josephlosi|2026-06-18
form:bbf6eedc|bbf6eedc|Bestrelationshipcounseling|2026-06-18
form:26134525|26134525|Sapphiredatingcoach|2026-06-18
form:d6c1ec19|d6c1ec19|Myclutterqueen|2026-06-18
form:b766398b|b766398b|Patriciaolaughlinpsychotherapy|2026-06-18
form:371499f0|371499f0|Silverlakepsych|2026-06-18
form:2ceb29fa|2ceb29fa|Sagebrushpsychotherapy|2026-06-18
form:2865e26f|2865e26f|Sophiabicostherapist|2026-06-18
form:ff51f239|ff51f239|Allisonmillstherapy|2026-06-18
form:4ede462f|4ede462f|Therapywithlouise|2026-06-18
form:9876790d|9876790d|Beccaborge|2026-06-18
form:9ce5fd11|9ce5fd11|Clutterflyandcompany|2026-06-18
form:03fe6664|03fe6664|Oceanasgardens|2026-06-18
form:ea7bc80b|ea7bc80b|Tracyhale|2026-06-18
form:6242ddc2|6242ddc2|Donewithflarebyjanet|2026-06-18
form:3088f03e|3088f03e|Squirrelsnestjewelry|2026-06-18
form:d0264fda|d0264fda|Handmadebyelyse|2026-06-18
form:e627fd6e|e627fd6e|Purelywildskinco|2026-06-18
form:931b41d2|931b41d2|Is|2026-06-18
form:88e77a39|88e77a39|Azsoapco|2026-06-18
form:94735d2e|94735d2e|Blackhands|2026-06-18
form:2f034047|2f034047|Thesoapguy|2026-06-18
form:1969416c|1969416c|Sootheartisansoap|2026-06-18
form:c8d8db1b|c8d8db1b|Mansfieldcandle|2026-06-18
form:6b35c38d|6b35c38d|Luxebytiara|2026-06-18
form:3d9623a7|3d9623a7|Hellacharged|2026-06-18
form:0e271e78|0e271e78|Kmecandles|2026-06-18
form:9a99cc3e|9a99cc3e|Ajasgarden7|2026-06-18
form:20c013ac|20c013ac|Heitceramics|2026-06-18
form:96cf8af1|96cf8af1|Keramikk|2026-06-18
form:f360359a|f360359a|Frogsongspottery|2026-06-18
form:abe8c04a|abe8c04a|Wallflowerpottery|2026-06-18
form:038d50de|038d50de|Mantrapottery|2026-06-18
form:d0efe92d|d0efe92d|Bowled Over Pottery|2026-06-18
form:e17d81d8|e17d81d8|Jelodesigns|2026-06-18
form:b580d6a3|b580d6a3|Katelynsugalski|2026-06-18
form:c58d2705|c58d2705|Ikimade|2026-06-18
form:14c31069|14c31069|Velveteenpottery|2026-06-18
form:9a3f3195|9a3f3195|Studioyoki|2026-06-18
form:77f95b5b|77f95b5b|Rossrobertsonceramics|2026-06-18
form:f39da861|f39da861|Staceofspades|2026-06-18
form:4cca3ee9|4cca3ee9|Isabellaconstantino|2026-06-18
form:e715d8ae|e715d8ae|Depeapa|2026-06-18
form:592e9902|592e9902|Ekinteriors|2026-06-19
form:75c1fb6a|75c1fb6a|Janacodesign|2026-06-19
form:ad044807|ad044807|Ccwinteriors|2026-06-19
form:93b4fe01|93b4fe01|Nicolebarger|2026-06-19
form:7985e079|7985e079|Greenvalleysahuaritaaz|2026-06-19
form:4b1ea3ee|4b1ea3ee|Chicagotherapyandconsulting|2026-06-19
form:5d94e23f|5d94e23f|Revivelincolnpark|2026-06-19
form:d4faff5e|d4faff5e|Therapyloveland|2026-06-19
form:fc262426|fc262426|Kevinosheadesigns|2026-06-19
form:5b2a8793|5b2a8793|Jessknauf|2026-06-19
form:b3ce50ff|b3ce50ff|Mark Haynes Atwf|2026-06-19
form:330a06fc|330a06fc|Lawlifecoach|2026-06-19
form:d678e725|d678e725|Drflorazomorodi|2026-06-19
form:59c0bac4|59c0bac4|Azalea Harpsichord 7Cjr|2026-06-19
form:a057cd7d|a057cd7d|Beboulderphotography|2026-06-19
form:7f2eeeb6|7f2eeeb6|Weddingphotographerboulder|2026-06-19
form:767e19ab|767e19ab|Susannahweddings|2026-06-19
form:4df17979|4df17979|Jeaninethurstonartwork|2026-06-19
form:3b37d0ed|3b37d0ed|Cliftonmariephotography|2026-06-19
form:be247bda|be247bda|Fonyatweddings|2026-06-19
form:a13e001b|a13e001b|Alexmedvick|2026-06-19
form:14894565|14894565|Velvetheartphotography|2026-06-19
form:6eaa9f8f|6eaa9f8f|Momointeriordesign|2026-06-19
form:f25629ed|f25629ed|Patrenson|2026-06-19
form:248166b5|248166b5|Annehunter|2026-06-19
form:e1a2bcc6|e1a2bcc6|Edinburghshighenddecorators|2026-06-19
form:065af14d|065af14d|Sensiblenutritionsolutions|2026-06-19
form:764aafe6|764aafe6|Nostressnostigma|2026-06-19
form:90a365c1|90a365c1|Skinbyjen|2026-06-19
form:58ecb500|58ecb500|Pristinenaturalskincare|2026-06-19
form:8628df6f|8628df6f|Skinsanctuaryco|2026-06-19
form:89d7dfb7|89d7dfb7|Bellisadesign|2026-06-19
form:cdc4888b|cdc4888b|Nainteriors|2026-06-19
form:07d17215|07d17215|Smithandragsdale|2026-06-19
form:dd3a765f|dd3a765f|Avessostudio|2026-06-19
form:b06185e8|b06185e8|Stresslessfinancialcoaching|2026-06-19
form:4cee9691|4cee9691|Coveryourassets|2026-06-19
form:db77e5d9|db77e5d9|Mindfullymoney|2026-06-19
form:3c67c6a6|3c67c6a6|Elpresents|2026-06-19
form:25af62fe|25af62fe|Beautifullycovered|2026-06-19
form:b35aef22|b35aef22|Andrewburnet|2026-06-19
form:0b09302d|0b09302d|Sanvelopwellness|2026-06-19
form:1bc6e1fa|1bc6e1fa|Bostonhealthpsychology|2026-06-19
form:c0218c41|c0218c41|Trusttherapeutics|2026-06-19
form:1f1fbb10|1f1fbb10|Drjessicafindinglight|2026-06-19
form:760aabe5|760aabe5|Queertherapyboston|2026-06-19
form:13e77f17|13e77f17|Interiordesignbyjo|2026-06-19
form:c4ecfb18|c4ecfb18|Tahninteriors|2026-06-19
form:b25bfecb|b25bfecb|Studiolifestyling|2026-06-19
form:f06a86e5|f06a86e5|Designandkoh|2026-06-19
form:8655f7c9|8655f7c9|Elegantindesign|2026-06-19
form:d95c4ea4|d95c4ea4|Nurtureyournaturepc|2026-06-19
form:d8b9fad9|d8b9fad9|Inyourshoes Psychotherapy|2026-06-19
form:ccf72790|ccf72790|Bindaascoach|2026-06-19
form:597df051|597df051|Uneekperspectivelifecoaching|2026-06-19
form:169697a4|169697a4|Lindydewaalinteriors|2026-06-19
form:f65b1a98|f65b1a98|Musemodern|2026-06-19
form:ae735150|ae735150|Despinadesign|2026-06-19
form:d737bbb5|d737bbb5|Penmelisdesign|2026-06-19
form:afb64a6c|afb64a6c|Weddingsbyandre|2026-06-19
form:16137e36|16137e36|Kellyrobbinsphoto|2026-06-19
form:6214aedb|6214aedb|Rebeccaannephotography|2026-06-19
form:9996f624|9996f624|Jenpattersonphoto|2026-06-19
form:3f9de06a|3f9de06a|Wildromancephoto|2026-06-19
form:0effc1e9|0effc1e9|Harthphotography|2026-06-19
form:67dd0cb2|67dd0cb2|Larchmontarttherapy|2026-06-19
form:6b138c5d|6b138c5d|Bennettinternational|2026-06-19
form:3e7abfda|3e7abfda|Candidsol|2026-06-19
form:6e144b2e|6e144b2e|Anouschkarokebrand|2026-06-19
form:b701f61a|b701f61a|Jwphotographytucson|2026-06-19
form:0fa10e9f|0fa10e9f|Affordablephotographytucson|2026-06-19
form:9723e377|9723e377|Lashayandlight|2026-06-19
form:662d08a5|662d08a5|Allen Photo|2026-06-19
form:8da93e1a|8da93e1a|Dominicortiz|2026-06-19
form:7091916d|7091916d|Loriotoole|2026-06-19
form:b2a6b640|b2a6b640|Askbizcoaching|2026-06-19
form:85d6f351|85d6f351|Isjaka|2026-06-19
form:4a418c6c|4a418c6c|Executivecoachinglifecoaching|2026-06-19
form:cdd72bfd|cdd72bfd|Ritaricks|2026-06-19
form:3350774d|3350774d|Phoenixcoaching|2026-06-19
form:b6a0346e|b6a0346e|Counselorkaren|2026-06-19
form:ea86a9a2|ea86a9a2|Lifecoachtraumarecovery|2026-06-19
form:f82cbccd|f82cbccd|Barbaraneal|2026-06-19
form:e17b28ee|e17b28ee|Nidajawed|2026-06-19
form:16c086c9|16c086c9|Daysrememberedbynd|2026-06-19
form:ee3b4b15|ee3b4b15|Tampaeventplanner|2026-06-19
form:50b91a7a|50b91a7a|Smallhourwedding|2026-06-19
form:3067198f|3067198f|Destinymariicom|2026-06-19
form:14ab8510|14ab8510|Ellenashton|2026-06-19
form:b96e78c8|b96e78c8|Thegrace|2026-06-19
form:944d2fdf|944d2fdf|Simplyorganizedyou|2026-06-19
form:34355607|34355607|Organizeatlanta|2026-06-19
form:510de731|510de731|Yourorderlyspace|2026-06-19
form:fad21df6|fad21df6|Ocbyd|2026-06-19
form:ae79c9c8|ae79c9c8|Sortedandstyledatl|2026-06-19
form:df0b1d41|df0b1d41|Nutritransform|2026-06-19
form:4bedbd71|4bedbd71|Sarahillery|2026-06-19
form:4460eacf|4460eacf|Cathygreeninteriors|2026-06-19
form:113d7faf|113d7faf|Roaninteriors|2026-06-19
form:37b4320c|37b4320c|Danamckennadesigns|2026-06-19
form:876086f1|876086f1|Catherinejordandesign|2026-06-19
form:62cad272|62cad272|Smithbuiltva|2026-06-19
form:c7e4f649|c7e4f649|Emmakeenandietitian|2026-06-19
form:5abedfd2|5abedfd2|Sudduthfinancial|2026-06-19
form:b23f09b4|b23f09b4|Alastairgibson|2026-06-19
form:ebc55475|ebc55475|Atelierbeautespa|2026-06-19
form:2af207c3|2af207c3|Marianabeautycareinc|2026-06-19
form:4f10d332|4f10d332|Allonzcoaching|2026-06-19
form:959d37a6|959d37a6|Flourishwholehealth|2026-06-19
form:6403b6e0|6403b6e0|Bridalhealthcoach|2026-06-19
form:e7a83e6c|e7a83e6c|Thatfriendkatie|2026-06-19
form:f4f8eb36|f4f8eb36|Johnnyburkecatering|2026-06-19
form:ba1978ef|ba1978ef|Katestable|2026-06-19
form:2594e0e0|2594e0e0|Dpdecluttering|2026-06-19
form:0d094504|0d094504|Objectiveusa|2026-06-19
form:1ebab550|1ebab550|Ruthcummings|2026-06-19
form:6b5e8c27|6b5e8c27|Riveraevents|2026-06-19
form:33231a02|33231a02|Eventmore|2026-06-19
form:e718ec2a|e718ec2a|Livingadreamwp|2026-06-19
form:dfab1ac9|dfab1ac9|Tanianunn|2026-06-19
form:2167a9cd|2167a9cd|Nourishgrowheal|2026-06-19
form:1fd64e47|1fd64e47|Trackingwellness|2026-06-19
form:7a36c769|7a36c769|Rebeccahills|2026-06-19
form:bbb3f7ad|bbb3f7ad|Helencookenutrition|2026-06-19
form:09bf4087|09bf4087|Znutrition|2026-06-19
form:5bb54858|5bb54858|Raquellifecoach|2026-06-19
form:7f5d43ad|7f5d43ad|Transformationthrudivorce|2026-06-19
form:b0cf6c77|b0cf6c77|Sarakavanalifecoach|2026-06-19
form:1056a21a|1056a21a|Cdm Photography|2026-06-19
form:63244288|63244288|Joeappelphotography|2026-06-19
form:c37f5a14|c37f5a14|Leeannmariephotography|2026-06-19
form:9c5bc52e|9c5bc52e|Alexkstudios|2026-06-19
form:dca7e108|dca7e108|Csmweddings|2026-06-19
form:ded9c656|ded9c656|Eternallensmedia|2026-06-19
form:6063e5f2|6063e5f2|Comstockcounseling|2026-06-19
form:6c19784a|6c19784a|Ozphotovideos|2026-06-19
form:81a71b9f|81a71b9f|Culinahealth|2026-06-19
form:d379c684|d379c684|Chernusnutrition|2026-06-19
form:4c8f3664|4c8f3664|Drjuliemonica|2026-06-19
form:e06f90ad|e06f90ad|Nutridbody|2026-06-19
form:cae36d61|cae36d61|Netintake|2026-06-19
form:9c4f7519|9c4f7519|Afrevents|2026-06-19
form:ac4d9d0b|ac4d9d0b|Biannkabrannigan|2026-06-19
form:5b461bbc|5b461bbc|Blyphotography|2026-06-19
form:8060a9b7|8060a9b7|Jessicababicphotography|2026-06-19
form:c5d7bd4f|c5d7bd4f|Jeanleighphotography|2026-06-19
form:580dcd4b|580dcd4b|Breeleaphotography|2026-06-19
form:fd7b5ba8|fd7b5ba8|Daniellewilliamsphotography|2026-06-19
form:9db6720b|9db6720b|Raeallen|2026-06-19
form:4a1b1f44|4a1b1f44|Dreamyelk|2026-06-19
form:98984e1b|98984e1b|Hydeparkphoto|2026-06-19
form:d83da473|d83da473|Laurenparrphoto|2026-06-19
form:c6003e27|c6003e27|Goodtherapysandiego|2026-06-19
form:a58ead70|a58ead70|Rinaschul|2026-06-19
form:88fd535a|88fd535a|Indwellinghealth|2026-06-19
form:61850bfd|61850bfd|Video Nyc|2026-06-19
form:ae5ce619|ae5ce619|Closeuppictures|2026-06-19
form:49c9290c|49c9290c|Joshwongphotography|2026-06-19
form:56e007e9|56e007e9|Nycnutritionist|2026-06-19
form:df7685e8|df7685e8|Relationshipsmdd|2026-06-19
form:9fd22b15|9fd22b15|Eventsbysabrina|2026-06-19
form:590eb1af|590eb1af|Rockymountainweddingphotography|2026-06-19
form:34cf18b7|34cf18b7|Brookepetersonphotography|2026-06-19
form:9dde2343|9dde2343|Kacieqphotography|2026-06-19
form:e5802cd4|e5802cd4|Mandiswandalphotography|2026-06-19
form:919e1186|919e1186|Tawneebreephoto|2026-06-19
form:87f8ca4b|87f8ca4b|Mwesthetics|2026-06-19
form:e307fe7c|e307fe7c|Eclectic Esthetics|2026-06-19
form:247b3d61|247b3d61|Metropolitanskinclinic|2026-06-19
form:80224343|80224343|Mytherapyconnection|2026-06-19
form:542d8282|542d8282|Beyondcounselingllc|2026-06-19
form:46b8cf6d|46b8cf6d|Claudialeonardinteriors|2026-06-19
form:6d78ac6c|6d78ac6c|Mdiluxurydesign|2026-06-19
form:33f153e0|33f153e0|Jillhoward|2026-06-19
form:9ba220cc|9ba220cc|Gretchenburkedesign|2026-06-19
form:56db419e|56db419e|Ryanmariedesigndecor|2026-06-19
form:e24152a4|e24152a4|Debbygomulka|2026-06-19
form:a3be985e|a3be985e|Hcointeriors|2026-06-19
form:c8900c6d|c8900c6d|Insabelladesign|2026-06-19
form:93c75e4f|93c75e4f|Lminteriordesignllc|2026-06-19
form:7b129a40|7b129a40|Distinctiveinteriordesigns|2026-06-19
form:0f0301e4|0f0301e4|Cglpottery|2026-06-19
form:06e95cf9|06e95cf9|Partainpottery|2026-06-19
form:bdbc7b2b|bdbc7b2b|Dawnboweryphotography|2026-06-19
form:d4e08136|d4e08136|Roeselienraimond|2026-06-19
form:fe192213|fe192213|Glazeonstudio|2026-06-19
form:fd70a16e|fd70a16e|Alexaelartworks|2026-06-19
form:c6578f44|c6578f44|Elisasolomon|2026-06-19
form:0fb9eff9|0fb9eff9|Theboutiqueminimaliste|2026-06-19
form:8ce80c50|8ce80c50|Laughinglotusboutique|2026-06-19
form:7a88b307|7a88b307|Sungoldjewelry|2026-06-19
form:42b688f3|42b688f3|Byfaithjewelry|2026-06-19
form:b669c496|b669c496|Angelajeandesigns|2026-06-19
form:c40b3b84|c40b3b84|Serrenta|2026-06-19
form:262e15bb|262e15bb|Peeksandvallee|2026-06-19
form:f3cb7a99|f3cb7a99|Olyshandmadesoaps|2026-06-19
form:c1db65da|c1db65da|Theuntameddaisysoapco|2026-06-19
form:66458fe8|66458fe8|Myserenitybathandbody|2026-06-19
form:6fbea787|6fbea787|Biterswit|2026-06-19
form:71e85693|71e85693|Nisceskinusa|2026-06-19
form:c340fb1c|c340fb1c|Shoplait|2026-06-19
form:72d59928|72d59928|Isaiahscandleco|2026-06-19
form:22d59c2d|22d59c2d|Honeysnaturalcandles|2026-06-19
form:e309f534|e309f534|Keramiart|2026-06-19
form:ba8ee1b8|ba8ee1b8|Neighborhoodclay|2026-06-19
form:cb9b1e20|cb9b1e20|Shellycubarney|2026-06-19
form:b749c6ed|b749c6ed|Kimfiliaggipottery|2026-06-19
form:6d6cf58d|6d6cf58d|Oilandclaystudio|2026-06-19
form:f63687e2|f63687e2|416Clay Studio|2026-06-19
form:9f632458|9f632458|Coloradoclaystudio|2026-06-19
form:9d0ecfc1|9d0ecfc1|Juliartclay|2026-06-19
form:2c5ec471|2c5ec471|Tonyarund|2026-06-19
form:3b1d82b6|3b1d82b6|Naomiclement|2026-06-19
form:b8a55055|b8a55055|Jonahfleegerceramics|2026-06-19
form:a99c2dcc|a99c2dcc|Randyfein|2026-06-19
form:01ea0933|01ea0933|Salmedia|2026-06-19
form:c40bce0f|c40bce0f|Robbieallenartist|2026-06-19
